// Jest Snapshot v1, https://goo.gl/fbAQLP

exports[`Parser #parseTscOutput correctly parse tsc output 1`] = `
[
  {
    "basepath": "src/api/v0/serializers/utils/serialize-types",
    "code": "TS7006",
    "error": "TS7006: Parameter 'value' implicitly has an 'any' type.",
    "extension": ".js",
    "message": "Parameter 'value' implicitly has an 'any' type.",
    "position": "4,26",
  },
  {
    "basepath": "src/api/v0/serializers/utils/serialize-types",
    "code": "TS2769",
    "error": "TS2769: No overload matches this call.",
    "extension": ".js",
    "message": "No overload matches this call.",
    "position": "17,33",
  },
  {
    "basepath": "src/api/v0/serializers/utils/serialize-types",
    "code": "TS2554",
    "error": "TS2554: Expected 0 arguments, but got 1.",
    "extension": ".js",
    "message": "Expected 0 arguments, but got 1.",
    "position": "17,46",
  },
  {
    "basepath": "src/api/v0/serializers/utils/serialize-types",
    "code": "TS7006",
    "error": "TS7006: Parameter 'date' implicitly has an 'any' type.",
    "extension": ".js",
    "message": "Parameter 'date' implicitly has an 'any' type.",
    "position": "20,24",
  },
  {
    "basepath": "src/api/v0/serializers/utils/serialize-types",
    "code": "TS2769",
    "error": "TS2769: No overload matches this call.",
    "extension": ".js",
    "message": "No overload matches this call.",
    "position": "23,31",
  },
  {
    "basepath": "src/api/v0/serializers/utils/serialize-types",
    "code": "TS2554",
    "error": "TS2554: Expected 0 arguments, but got 1.",
    "extension": ".js",
    "message": "Expected 0 arguments, but got 1.",
    "position": "23,44",
  },
]
`;
